
> finbank-frontend@1.0.0 build
> vite build

[36mvite v5.4.21 [32mbuilding for production...[36m[39m
transforming...
[32mÔ£ô[39m 1237 modules transformed.
node.exe : [31mx[39m Build failed in 1.52s
At line:1 char:1
+ & "C:\Program Files\nodejs/node.exe" "C:\Program Files\nodejs/node_
mo ...
+ ~~~~~~~~~~~~~~~~~~~~~~~~~~~~~~~~~~~~~~~~~~~~~~~~~~~~~~~~~~~~~~~~~~~
~~
    + CategoryInfo          : NotSpecified: ([31mx[39m Build faile 
   d in 1.52s:String) [], RemoteException
    + FullyQualifiedErrorId : NativeCommandError
 
[31merror during build:
[31m[vite-plugin-pwa:build] [plugin vite-plugin-pwa:build] src/compo
nents/ApprovalCard.jsx: There was an error during the build:
  Could not resolve "../../hooks/useSwipe" from "src/components/Appro
valCard.jsx"
Additionally, handling the error in the 'buildEnd' hook caused the fo
llowing error:
  Could not resolve "../../hooks/useSwipe" from "src/components/Appro
valCard.jsx"[31m
file: [36mD:/assiment/frontend/src/components/ApprovalCard.jsx[31m
    at getRollupError (file:///D:/assiment/frontend/node_modules/roll
up/dist/es/shared/parseAst.js:402:41)
    at file:///D:/assiment/frontend/node_modules/rollup/dist/es/share
d/node-entry.js:23467:39
    at async catchUnfinishedHookActions (file:///D:/assiment/frontend
/node_modules/rollup/dist/es/shared/node-entry.js:22925:16)
    at async rollupInternal (file:///D:/assiment/frontend/node_module
s/rollup/dist/es/shared/node-entry.js:23450:5)
    at async build (file:///D:/assiment/frontend/node_modules/vite/di
st/node/chunks/dep-BK3b2jBa.js:65709:14)
    at async CAC.<anonymous> (file:///D:/assiment/frontend/node_modul
es/vite/dist/node/cli.js:829:5)[39m
